// Jest Snapshot v1, https://goo.gl/fbAQLP

exports[`Footer text render should render the copyright text 1`] = `
<DocumentFragment>
  <div
    class="wrapper"
  >
    <p
      class="text"
    >
      Copyright Â© 2023 Euphoria Folks Pvt Ltd. All rights reserved.
    </p>
  </div>
</DocumentFragment>
`;
