// Jest Snapshot v1, https://goo.gl/fbAQLP

exports[`Open Modal should render modal 1`] = `
<DocumentFragment>
  <div
    class="close"
    data-testid="close"
  />
</DocumentFragment>
`;
